
  error - The method 'food' isn't defined for the type 'ShopSettings' - scripts\multi_industry_test_data.dart:815:39 - undefined_method
  error - The method 'fashion' isn't defined for the type 'ShopSettings' - scripts\multi_industry_test_data.dart:857:39 - undefined_method
  error - The getter 'isFood' isn't defined for the type 'ShopSettings' - test\multi_industry_phase1_test.dart:36:23 - undefined_getter
  error - The getter 'isFashion' isn't defined for the type 'ShopSettings' - test\multi_industry_phase1_test.dart:37:23 - undefined_getter
  error - The method 'food' isn't defined for the type 'ShopSettings' - test\multi_industry_phase1_test.dart:41:37 - undefined_method
  error - The method 'fashion' isn't defined for the type 'ShopSettings' - test\multi_industry_phase1_test.dart:57:37 - undefined_method
  error - The method 'general' isn't defined for the type 'ShopSettings' - test\multi_industry_phase1_test.dart:69:37 - undefined_method
  error - The method 'food' isn't defined for the type 'ShopSettings' - test\multi_industry_phase1_test.dart:80:37 - undefined_method
  error - There's no constant named 'food' in 'BusinessType' - test\multi_industry_phase1_test.dart:124:27 - undefined_enum_constant
  error - There's no constant named 'food' in 'BusinessType' - test\multi_industry_phase1_test.dart:125:27 - undefined_enum_constant
  error - There's no constant named 'fashion' in 'BusinessType' - test\multi_industry_phase1_test.dart:127:27 - undefined_enum_constant
  error - There's no constant named 'fashion' in 'BusinessType' - test\multi_industry_phase1_test.dart:128:27 - undefined_enum_constant
  error - There's no constant named 'food' in 'BusinessType' - test\multi_industry_phase1_test.dart:130:58 - undefined_enum_constant
  error - The method 'food' isn't defined for the type 'ShopSettings' - test\multi_industry_phase1_test.dart:635:37 - undefined_method
  error - The method 'fashion' isn't defined for the type 'ShopSettings' - test\multi_industry_phase1_test.dart:647:37 - undefined_method
  error - The method 'food' isn't defined for the type 'ShopSettings' - test\multi_industry_phase2_test.dart:326:37 - undefined_method
  error - The method 'food' isn't defined for the type 'ShopSettings' - test\multi_industry_phase2_test.dart:352:37 - undefined_method
  error - The method 'fashion' isn't defined for the type 'ShopSettings' - test\multi_industry_phase3_test.dart:274:37 - undefined_method
  error - The method 'fashion' isn't defined for the type 'ShopSettings' - test\multi_industry_phase3_test.dart:285:37 - undefined_method
  error - The method 'food' isn't defined for the type 'ShopSettings' - test\multi_industry_phase3_test.dart:302:37 - undefined_method
  error - The method 'food' isn't defined for the type 'ShopSettings' - test\shop_settings_test.dart:143:37 - undefined_method
  error - The method 'fashion' isn't defined for the type 'ShopSettings' - test\shop_settings_test.dart:149:37 - undefined_method
  error - The method 'general' isn't defined for the type 'ShopSettings' - test\shop_settings_test.dart:155:37 - undefined_method
  error - The method 'fashion' isn't defined for the type 'ShopSettings' - test\shop_settings_test.dart:169:37 - undefined_method

